MPASM 03.00 Released             LAB5.ASM   6-11-2003  11:50:13         PAGE  1


LOC  OBJECT CODE     LINE SOURCE TEXT
  VALUE

                      00001 ; **********************************************************
                      00002 ; * Name : Simon Brennan                                   *
                      00003 ; * Student Number : 2021282                               *
                      00004 ; * Date : 12/03/2003                                      *
                      00005 ; * Assignment No : LAB5.asm                               *
                      00006 ; * Description : This program is a 8 bit binary counter   *
                      00007 ; *               that counts in 8421 code, through portd  *
                      00008 ; *               using a half a second interval loop      *
                      00009 ; *               The counter will only count up when      *
                      00010 ; *               the switch on PortA bit 4 is pressed     *
                      00011 ; *               and count down when switch on PortA      *    
                      00012 ; *               bit 5 is pressed                         *    
                      00013 ; *                                                        *
                      00014 ; * Inputs : Address 03h -> Status                         *
                      00015 ; *          Address 88h -> TrisD                          *
                      00016 ; *          Address 85h -> TrisA                          *
                      00017 ; *          Address 20h -> Loop1                          *    
                      00018 ; *          Address 21h -> Loop2                          *
                      00019 ; *          Address 22h -> Loop3                          *            
                      00020 ; *          Address 05h -> PortA                          *
                      00021 ; *          Address 9Fh -> Adcon1      
                      00022 ; * Outputs: Address 03h -> PortD                          *
                      00023 ; *                                                        *
                      00024 ; * Version: 1.0 - Works perfectly                         *
                      00025 ; **********************************************************
                      00026 
                      00027         list p=16F877
  00000003            00028 Status          EQU     03h     ; Address of status register
  00000085            00029 TrisA           EQU     85h     ; Address of Tristate Buffer A.
  00000088            00030 TrisD           EQU     88h     ; Address of Tristate Buffer D.
  00000020            00031 Loop1           EQU     20h     ; Count variable for the first loop
  00000021            00032 Loop2           EQU     21h     ; Count variable for the second loop
  00000022            00033 Loop3           EQU     22h     ; Count variable for the first loop
  00000005            00034 PortA           EQU     05h     ; Address of Port A.
  00000008            00035 PortD           EQU     08h     ; Address of Port D.
  0000009F            00036 Adcon1          EQU     9Fh     ; Address of Adcon1.
                      00037 
0000                  00038         ORG 0000h
                      00039 
0000                  00040 START
0000   1683           00041         BSF     Status,5        ; Change to Memory Bank 1
0001   30FF           00042         MOVLW   0FFh            ; Used to make PortA Digital
Message[302]: Register in operand not in bank 0.  Ensure that bank bits are correct.
0002   009F           00043         MOVWF   Adcon1          ; Set all bits on PortA to Digital
Message[302]: Register in operand not in bank 0.  Ensure that bank bits are correct.
0003   0188           00044         CLRF    TrisD           ; Set all bits on PortD to outputs
Message[302]: Register in operand not in bank 0.  Ensure that bank bits are correct.
0004   0185           00045         CLRF    TrisA           ; Set all bits on PortA to outputs
Message[302]: Register in operand not in bank 0.  Ensure that bank bits are correct.
0005   1605           00046         BSF     TrisA,4         ; Set Bit 3 on PortA to input
Message[302]: Register in operand not in bank 0.  Ensure that bank bits are correct.
0006   1685           00047         BSF     TrisA,5         ; Set Bit 4 on PortA to input
0007   1283           00048         BCF     Status,5        ; Move to Memory Bank 0
MPASM 03.00 Released             LAB5.ASM   6-11-2003  11:50:13         PAGE  2


LOC  OBJECT CODE     LINE SOURCE TEXT
  VALUE

0008   0188           00049         CLRF    PortD           ; Switch off all LED's
                      00050 
0009                  00051 SWITCH
0009   1E05           00052         BTFSS   PortA,4         ; Check if switch has been pressed
000A   2012           00053         CALL    CUP             ; Go and count up by one
000B   1E85           00054         BTFSS   PortA,5         ; Check if switch has been pressed
000C   2015           00055         CALL    CDOWN           ; Go and count down by one 
000D   0805           00056         MOVF    PortA,0         ; Check to see if both switches have been pressed
000E   1903           00057         BTFSC   Status,2        ; If both switches have been pressed Go to error state else carry on
000F   2018           00058         CALL    ERR             ; Go into the error state
0010   2020           00059         CALL    DELAY           ; Give us half a second delay
0011   2809           00060         GOTO    SWITCH          ; Go and check switch again
0012                  00061 CUP
0012   1A85           00062         BTFSC   PortA,5         ; Go and check if other (RA5) has been pressed
Message[305]: Using default destination of 1 (file).
0013   0A88           00063         INCF    PortD           ; Go and count one up
0014   0008           00064         RETURN                  ;
0015                  00065 CDOWN
0015   1A05           00066         BTFSC   PortA,4         ; Go and check if other (RA4) has been pressed
Message[305]: Using default destination of 1 (file).
0016   0388           00067         DECF    PortD           ; Go and count one down
0017   0008           00068         RETURN                  ;
0018                  00069 ERR
0018   0188           00070         CLRF    PortD           ; Switch of all LED's (PortD)
0019   0988           00071         COMF    PortD,1         ; Switch all LED's on (PortD)   
001A   2020           00072         CALL    DELAY           ; Give us a half a second delay         
001B   0188           00073         CLRF    PortD           ; Switch of all LED's
001C   0805           00074         MOVF    PortA,0         ; Check switch status again
001D   1D03           00075         BTFSS   Status,2        ; Check if switches are being pressed
001E   0008           00076         RETURN                  ; 
001F   2818           00077         GOTO    ERR             ; Loop again until only one switch is being pressed
                      00078 
                      00079 
0020                  00080 DELAY
                      00081         ;RETURN                 ;Used for simulation purposes
0020   3003           00082         MOVLW   03h             ;Set delay for 0.5 Second
0021   00A2           00083         MOVWF   Loop3           ;Set Loop3 to Loop 3 Times
0022                  00084 LOOP    
0022   0BA0           00085         DECFSZ  Loop1,1         ;Loop 255 times then move to next loop
0023   2822           00086         Goto    LOOP            ;Go Back to the beginning of the Loop
0024   0BA1           00087         DECFSZ  Loop2,1         ;Loop 255 times then move to next loop
0025   2822           00088         Goto    LOOP            ;Go Back to the beginning of the Loop   
0026   0008           00089         RETURN                  ;
0027   0BA2           00090         DECFSZ  Loop3,1         ;Loop 5 times then move to next loop
0028   2822           00091         Goto    LOOP            ;Go Back to the beginning of the Loop
0029   0008           00092         RETURN                  ;Go back and execute instruction after last call
                      00093         end                     ;End of Source
MPASM 03.00 Released             LAB5.ASM   6-11-2003  11:50:13         PAGE  3


SYMBOL TABLE
  LABEL                             VALUE 

Adcon1                            0000009F
CDOWN                             00000015
CUP                               00000012
DELAY                             00000020
ERR                               00000018
LOOP                              00000022
Loop1                             00000020
Loop2                             00000021
Loop3                             00000022
PortA                             00000005
PortD                             00000008
START                             00000000
SWITCH                            00000009
Status                            00000003
TrisA                             00000085
TrisD                             00000088
__16F877                          00000001


MEMORY USAGE MAP ('X' = Used,  '-' = Unused)

0000 : XXXXXXXXXXXXXXXX XXXXXXXXXXXXXXXX XXXXXXXXXX------ ----------------

All other memory blocks unused.

Program Memory Words Used:    42
Program Memory Words Free:  8150


Errors   :     0
Warnings :     0 reported,     0 suppressed
Messages :     7 reported,     0 suppressed

