MPASM 03.00 Released             LAB3.ASM   3-18-2003  17:56:46         PAGE  1


LOC  OBJECT CODE     LINE SOURCE TEXT
  VALUE

                      00001 ; **********************************************************
                      00002 ; * Name : Simon Brennan                                   *
                      00003 ; * Student Number : 2021282                               *
                      00004 ; * Date : 19/02/2003                                      *
                      00005 ; * Assignment No : LAB3.asm                               *
                      00006 ; * Description : This program is a 8 bit binary counter   *
                      00007 ; *               that counts in 8421 code, through portd  *
                      00008 ; *               using a half a second interval loop      *
                      00009 ; *                                                        *
                      00010 ; * Inputs : Address 03h -> Status                         *
                      00011 ; *          Address 88h -> TrisD                          *
                      00012 ; *          Address 20h -> Loop1                          *    
                      00013 ; *          Address 21h -> Loop2                          *
                      00014 ; *          Address 22h -> Loop3                          *            
                      00015 ; * Outputs: Address 03h -> PortD                          *
                      00016 ; **********************************************************
                      00017 
                      00018         list p=16F877
  00000003            00019 Status  EQU     03h     ; Address of status register
  00000088            00020 TrisD   EQU     88h     ; Address of Tristate Buffer D.
  00000020            00021 Loop1   EQU     20h     ; Count variable for the first loop
  00000021            00022 Loop2   EQU     21h     ; Count variable for the second loop
  00000022            00023 Loop3   EQU     22h     ; Count variable for the first loop
  00000008            00024 PortD   EQU     08h     ; Address of Port D.
                      00025 
0000                  00026         ORG 0000h
                      00027 
0000                  00028 START
0000   1683           00029         BSF Status,5    ; Change to Memory Bank 1
Message[302]: Register in operand not in bank 0.  Ensure that bank bits are correct.
0001   0188           00030         CLRF TrisD      ; Set all bits on PortD to outputs
0002   1283           00031         BCF Status,5    ; Move to Memory Bank 0
0003   0188           00032         CLRF PortD      ; Switch off all LED's
0004                  00033 START2  
0004   0A88           00034         INCF PortD,1    ; Increment portD to make it cound
0005   2007           00035         CALL DELAY      ; Give us a half a second delay 
0006   2804           00036         Goto START2
                      00037 
0007                  00038 DELAY
                      00039         ;RETURN         ;Used for simulation purposes
0007   3003           00040         MOVLW 03h       ;Set delay for 0.5 Second
0008   00A2           00041         MOVWF Loop3     ;Set Loop3 to Loop 3 Times
0009                  00042 LOOP    
0009   0BA0           00043         DECFSZ Loop1,1  ;Loop 255 times then move to next loop
000A   2809           00044         Goto LOOP       ;Go Back to the beginning of the Loop
000B   0BA1           00045         DECFSZ Loop2,1  ;Loop 255 times then move to next loop
000C   2809           00046         Goto LOOP       ;Go Back to the beginning of the Loop   
000D   0BA2           00047         DECFSZ Loop3,1  ;Loop 5 times then move to next loop
000E   0008           00048         RETURN
000F   2809           00049         Goto LOOP       ;Go Back to the beginning of the Loop
0010   0008           00050         RETURN          ;Go back and execute instruction after last call
                      00051         
                      00052         end             ;End of Source
MPASM 03.00 Released             LAB3.ASM   3-18-2003  17:56:46         PAGE  2


SYMBOL TABLE
  LABEL                             VALUE 

DELAY                             00000007
LOOP                              00000009
Loop1                             00000020
Loop2                             00000021
Loop3                             00000022
PortD                             00000008
START                             00000000
START2                            00000004
Status                            00000003
TrisD                             00000088
__16F877                          00000001


MEMORY USAGE MAP ('X' = Used,  '-' = Unused)

0000 : XXXXXXXXXXXXXXXX X--------------- ---------------- ----------------

All other memory blocks unused.

Program Memory Words Used:    17
Program Memory Words Free:  8175


Errors   :     0
Warnings :     0 reported,     0 suppressed
Messages :     1 reported,     0 suppressed

